MiniCalcFile
    Line
        AssignmentStatement
            Assignment
                'a'
                '='
                BinOp
                    IntLit
                        '1'
                    '+'
                    IntLit
                        '2'
        '<EOF>'