MiniCalcFile
    Line
        VarDeclarationStatement
            VarDeclaration
                'var'
                Assignment
                    'a'
                    '='
                    IntLiteral
                        '1'
        '<EOF>'